pass-orders-api              exit    0    59.6 s
no-redis                     exit    1    56.0 s
no-postgres                  exit    1    49.3 s
no-database-url              exit    1    61.8 s
typo-package                 exit    2    13.2 s
psycopg2-1                   exit    2    58.3 s
psycopg2-2                   exit    2    73.3 s
python-magic                 exit    1    74.4 s
locale                       exit    1   111.3 s
sqlite3-cli                  exit    1    68.2 s
uv-missing                   exit    2    65.0 s
no-python                    exit    2    78.9 s
needs-python-3.13            exit    2    66.8 s
bad-pin                      exit    2   103.3 s
missing-requirements-file    exit    2    70.5 s
stale-uv-lock                exit    2    79.4 s
missing-secret               exit    1    74.3 s
code-failure                 exit    1    66.3 s
wrong-db-password            exit    1    73.1 s
port-5432-taken              exit    2   131.9 s
python-3.13-blocked          exit    0    85.3 s
postgres-17-blocked          exit    2    38.2 s
redis-8-blocked              exit    2    53.0 s
node-blocked                 exit    2    26.2 s
go-blocked                   exit    2    35.5 s
docker-pass                  exit    0    66.2 s
docker-typo-package          exit    1     7.3 s
docker-node-blocked          exit    1    25.8 s
DONE
